GDTEST_ANALYZER_ERROR
Function with value argument of type "int" cannot be used as setter for a property of type "String".
