GDTEST_ANALYZER_ERROR
Function with name argument of type "int" cannot be used as setter for a property.
